{
  "version": "1.5.0",
  "plugins_used": [
    {
      "name": "ArtifactoryDetector"
    },
    {
      "name": "AWSKeyDetector"
    },
    {
      "name": "AzureStorageKeyDetector"
    },
    {
      "name": "Base64HighEntropyString",
      "limit": 4.5
    },
    {
      "name": "BasicAuthDetector"
    },
    {
      "name": "CloudantDetector"
    },
    {
      "name": "DiscordBotTokenDetector"
    },
    {
      "name": "GitHubTokenDetector"
    },
    {
      "name": "GitLabTokenDetector"
    },
    {
      "name": "HexHighEntropyString",
      "limit": 3.0
    },
    {
      "name": "IbmCloudIamDetector"
    },
    {
      "name": "IbmCosHmacDetector"
    },
    {
      "name": "IPPublicDetector"
    },
    {
      "name": "JwtTokenDetector"
    },
    {
      "name": "KeywordDetector",
      "keyword_exclude": ""
    },
    {
      "name": "MailchimpDetector"
    },
    {
      "name": "NpmDetector"
    },
    {
      "name": "OpenAIDetector"
    },
    {
      "name": "PrivateKeyDetector"
    },
    {
      "name": "PypiTokenDetector"
    },
    {
      "name": "SendGridDetector"
    },
    {
      "name": "SlackDetector"
    },
    {
      "name": "SoftlayerDetector"
    },
    {
      "name": "SquareOAuthDetector"
    },
    {
      "name": "StripeDetector"
    },
    {
      "name": "TelegramBotTokenDetector"
    },
    {
      "name": "TwilioKeyDetector"
    }
  ],
  "filters_used": [
    {
      "path": "detect_secrets.filters.allowlist.is_line_allowlisted"
    },
    {
      "path": "detect_secrets.filters.common.is_ignored_due_to_verification_policies",
      "min_level": 2
    },
    {
      "path": "detect_secrets.filters.heuristic.is_indirect_reference"
    },
    {
      "path": "detect_secrets.filters.heuristic.is_likely_id_string"
    },
    {
      "path": "detect_secrets.filters.heuristic.is_lock_file"
    },
    {
      "path": "detect_secrets.filters.heuristic.is_not_alphanumeric_string"
    },
    {
      "path": "detect_secrets.filters.heuristic.is_potential_uuid"
    },
    {
      "path": "detect_secrets.filters.heuristic.is_prefixed_with_dollar_sign"
    },
    {
      "path": "detect_secrets.filters.heuristic.is_sequential_string"
    },
    {
      "path": "detect_secrets.filters.heuristic.is_swagger_file"
    },
    {
      "path": "detect_secrets.filters.heuristic.is_templated_secret"
    },
    {
      "path": "detect_secrets.filters.regex.should_exclude_file",
      "pattern": [
        "web-client/package-lock\\.json|agent/\\.venv-wsl/"
      ]
    }
  ],
  "results": {
    "README.md": [
      {
        "type": "Secret Keyword",
        "filename": "README.md",
        "hashed_secret": "c7a8c334eef5d1749fface7d42c66f9ae5e8cf36",
        "is_verified": false,
        "line_number": 57
      },
      {
        "type": "Secret Keyword",
        "filename": "README.md",
        "hashed_secret": "a8253456364f1bfc7da7ae4a1db5b45d106317a5",
        "is_verified": false,
        "line_number": 142
      }
    ],
    "agent/.env.template": [
      {
        "type": "Secret Keyword",
        "filename": "agent/.env.template",
        "hashed_secret": "8ed4322e8e2790b8c928d381ce8d07cfd966e909",
        "is_verified": false,
        "line_number": 15
      }
    ],
    "agent/tests/test_analyser_contracts.py": [
      {
        "type": "Secret Keyword",
        "filename": "agent/tests/test_analyser_contracts.py",
        "hashed_secret": "9139236dfe89960fee34d53b6089795fe376682e",
        "is_verified": false,
        "line_number": 87
      }
    ],
    "agent/tests/test_arbiter_llm_diagnostics.py": [
      {
        "type": "Secret Keyword",
        "filename": "agent/tests/test_arbiter_llm_diagnostics.py",
        "hashed_secret": "9139236dfe89960fee34d53b6089795fe376682e",
        "is_verified": false,
        "line_number": 30
      }
    ],
    "agent/tests/test_classifier_temperature_zero.py": [
      {
        "type": "Secret Keyword",
        "filename": "agent/tests/test_classifier_temperature_zero.py",
        "hashed_secret": "9139236dfe89960fee34d53b6089795fe376682e",
        "is_verified": false,
        "line_number": 164
      }
    ],
    "agent/tests/test_cli_error_surface.py": [
      {
        "type": "Secret Keyword",
        "filename": "agent/tests/test_cli_error_surface.py",
        "hashed_secret": "9139236dfe89960fee34d53b6089795fe376682e",
        "is_verified": false,
        "line_number": 31
      }
    ],
    "agent/tests/test_cli_request_id_display.py": [
      {
        "type": "Secret Keyword",
        "filename": "agent/tests/test_cli_request_id_display.py",
        "hashed_secret": "9139236dfe89960fee34d53b6089795fe376682e",
        "is_verified": false,
        "line_number": 30
      }
    ],
    "agent/tests/test_default_zone_broadcast.py": [
      {
        "type": "Secret Keyword",
        "filename": "agent/tests/test_default_zone_broadcast.py",
        "hashed_secret": "9139236dfe89960fee34d53b6089795fe376682e",
        "is_verified": false,
        "line_number": 70
      }
    ],
    "agent/tests/test_diagnostic_agent.py": [
      {
        "type": "Secret Keyword",
        "filename": "agent/tests/test_diagnostic_agent.py",
        "hashed_secret": "9139236dfe89960fee34d53b6089795fe376682e",
        "is_verified": false,
        "line_number": 417
      }
    ],
    "agent/tests/test_llm_completion_errors.py": [
      {
        "type": "Secret Keyword",
        "filename": "agent/tests/test_llm_completion_errors.py",
        "hashed_secret": "829c3804401b0727f70f73d4415e162400cbe57b",
        "is_verified": false,
        "line_number": 53
      }
    ],
    "agent/tests/test_redact_secrets.py": [
      {
        "type": "Base64 High Entropy String",
        "filename": "agent/tests/test_redact_secrets.py",
        "hashed_secret": "17aea47c1dd4ce8fcd385dd353f4f52d6143943b",
        "is_verified": false,
        "line_number": 38
      },
      {
        "type": "Base64 High Entropy String",
        "filename": "agent/tests/test_redact_secrets.py",
        "hashed_secret": "cce6b85476e7980646b376244fe1b9ce356908d3",
        "is_verified": false,
        "line_number": 53
      },
      {
        "type": "Base64 High Entropy String",
        "filename": "agent/tests/test_redact_secrets.py",
        "hashed_secret": "e509dc57feb485cd59ddd9239dddd163a0cdb57e",
        "is_verified": false,
        "line_number": 58
      }
    ],
    "agent/tests/test_runtime_init_partial_failure.py": [
      {
        "type": "Secret Keyword",
        "filename": "agent/tests/test_runtime_init_partial_failure.py",
        "hashed_secret": "9139236dfe89960fee34d53b6089795fe376682e",
        "is_verified": false,
        "line_number": 92
      }
    ],
    "agent/tests/test_runtime_prompts_and_model_spec.py": [
      {
        "type": "Secret Keyword",
        "filename": "agent/tests/test_runtime_prompts_and_model_spec.py",
        "hashed_secret": "d17f1ab3e20d30ec8e0ec98bc91e03091f0573e1",
        "is_verified": false,
        "line_number": 62
      },
      {
        "type": "Secret Keyword",
        "filename": "agent/tests/test_runtime_prompts_and_model_spec.py",
        "hashed_secret": "dcd29288b9621ee372fd78198d1283945fe90068",
        "is_verified": false,
        "line_number": 68
      }
    ],
    "agent/tests/test_runtime_result_store_integration.py": [
      {
        "type": "Secret Keyword",
        "filename": "agent/tests/test_runtime_result_store_integration.py",
        "hashed_secret": "9139236dfe89960fee34d53b6089795fe376682e",
        "is_verified": false,
        "line_number": 65
      }
    ],
    "agent/tests/test_step_label_callback.py": [
      {
        "type": "Secret Keyword",
        "filename": "agent/tests/test_step_label_callback.py",
        "hashed_secret": "9139236dfe89960fee34d53b6089795fe376682e",
        "is_verified": false,
        "line_number": 30
      }
    ],
    "agent/tests/test_ws_emissions.py": [
      {
        "type": "Secret Keyword",
        "filename": "agent/tests/test_ws_emissions.py",
        "hashed_secret": "9139236dfe89960fee34d53b6089795fe376682e",
        "is_verified": false,
        "line_number": 261
      }
    ],
    "agent/tests/test_yaml_model_profiles.py": [
      {
        "type": "Secret Keyword",
        "filename": "agent/tests/test_yaml_model_profiles.py",
        "hashed_secret": "a94a8fe5ccb19ba61c4c0873d391e987982fbbd3",
        "is_verified": false,
        "line_number": 234
      }
    ],
    "agent/tests/test_zone_resolution.py": [
      {
        "type": "Secret Keyword",
        "filename": "agent/tests/test_zone_resolution.py",
        "hashed_secret": "9139236dfe89960fee34d53b6089795fe376682e",
        "is_verified": false,
        "line_number": 78
      }
    ],
    "searxng/config/settings.yml": [
      {
        "type": "Secret Keyword",
        "filename": "searxng/config/settings.yml",
        "hashed_secret": "726396510b1b4db2ac46d3cbd7cd7cf0f10efecf",
        "is_verified": false,
        "line_number": 113
      }
    ]
  },
  "generated_at": "2026-05-04T14:19:02Z"
}
